// Jest Snapshot v1, https://goo.gl/fbAQLP

exports[`AppNavigatorLink Component should match the snapshot 1`] = `
<app-navigator-link
  moviesRouterService={[Function Object]}
>
  <nav>
    <div
      class="back-navigation-wrapper hvr-sweep-to-right"
    >
      <mat-icon
        aria-hidden="true"
        class="back-navigation-arrow mat-icon"
        role="img"
      >
        arrow_left
      </mat-icon>
      <span
        class="back-navigation-text"
      >
        All Movies
      </span>
    </div>
  </nav>
</app-navigator-link>
`;
