// Jest Snapshot v1, https://goo.gl/fbAQLP

exports[`AppComponent should match the snapshot 1`] = `
<app-root
  disableAnimations="false"
  title={[Function String]}
>
  <div
    class="app-wrapper"
  >
    <app-loader>
      <span>
        app loader
      </span>
    </app-loader>
    <router-outlet />
  </div>
</app-root>
`;
